41
1
5955
14115
103191
109942
88059
16647
195899
42733
120523
134873
128792
89276
167387
28572
13635
169779
108990
150731
181225
54896
56635
154085
73230
108275
16488
14103
172140
62435
100754
145237
17208
147765
49945
3127
184187
13327
82423
133079
82868
200000
