36
1
131237
34094
34016
38792
192043
169928
191527
120904
143270
8788
189244
108560
117465
63784
84452
140785
190736
85726
9643
41325
153138
176546
89914
32688
51666
89288
72759
77957
67962
139405
138882
89193
167752
6451
200000
